#framework:
#    validation:
#        cache: validator.mapping.cache.apc
#    serializer:
#        cache: serializer.mapping.cache.apc
